
> backend@0.0.1 build
> nest build

node.exe : [96mprisma.config.ts[0m:[
93m4[0m:[93m30[0m - 
[91merror[0m[90m TS2307: [0mCannot 
find module 'prisma/config' or its 
corresponding type declarations.
At C:\nodejs\npm.ps1:16 char:5
+     & "$basedir/node$exe"  "$basedir/
node_modules/npm/bin/npm-cli.js" ...
+     ~~~~~~~~~~~~~~~~~~~~~~~~~~~~~~~~~
~~~~~~~~~~~~~~~~~~~~~~~~~~~~~~~~
    + CategoryInfo          : NotSpeci 
   fied: ([96mprisma.con...e declara  
  tions.:String) [], RemoteException
    + FullyQualifiedErrorId : NativeCo 
   mmandError
 

[7m4[0m import { defineConfig } from 
"prisma/config";
[7m [0m [91m                        
     ~~~~~~~~~~~~~~~[0m
[96msrc/app.module.ts[0m:[93m2[0m:
[93m31[0m - [91merror[0m[90m 
TS2307: [0mCannot find module 
'./app.controller' or its 
corresponding type declarations.

[7m2[0m import { AppController } 
from './app.controller';
[7m [0m [91m                        
      ~~~~~~~~~~~~~~~~~~[0m
[96msrc/auth/auth.module.ts[0m:[93m2
[0m:[93m10[0m - [91merror[0m[90m 
TS2300: [0mDuplicate identifier 
'AuthController'.

[7m2[0m import { AuthController } 
from './auth.controller';
[7m [0m [91m         
~~~~~~~~~~~~~~[0m
[96msrc/auth/auth.module.ts[0m:[93m4
[0m:[93m10[0m - [91merror[0m[90m 
TS2300: [0mDuplicate identifier 
'AuthController'.

[7m4[0m import { AuthController } 
from './auth.controller';
[7m [0m [91m         
~~~~~~~~~~~~~~[0m

Found 4 error(s).

